Command line invocation:
    /Applications/Xcode.app/Contents/Developer/usr/bin/xcodebuild -scheme "AMD Power Gadget" -configuration Release build

ComputePackagePrebuildTargetDependencyGraph

Prepare packages

CreateBuildRequest

SendProjectDescription

CreateBuildOperation

ComputeTargetDependencyGraph
note: Building targets in dependency order
note: Target dependency graph (2 targets)
    Target 'AMD Power Gadget' in project 'SMCAMDProcessor'
        ➜ Implicit dependency on target 'APGLaunchHelper' in project 'SMCAMDProcessor' via file 'APGLaunchHelper.app' in build phase 'Copy Files'
    Target 'APGLaunchHelper' in project 'SMCAMDProcessor' (no dependencies)

GatherProvisioningInputs

CreateBuildDescription

ExecuteExternalTool /Applications/Xcode.app/Contents/Developer/Toolchains/XcodeDefault.xctoolchain/usr/bin/clang -v -E -dM -isysroot /Applications/Xcode.app/Contents/Developer/Platforms/MacOSX.platform/Developer/SDKs/MacOSX26.5.sdk -x c -c /dev/null

ExecuteExternalTool /Applications/Xcode.app/Contents/Developer/Toolchains/XcodeDefault.xctoolchain/usr/bin/swiftc --version

ExecuteExternalTool /Applications/Xcode.app/Contents/Developer/usr/bin/actool --version --output-format xml1

ExecuteExternalTool /Applications/Xcode.app/Contents/Developer/usr/bin/ibtool --version --output-format xml1

ExecuteExternalTool /Applications/Xcode.app/Contents/Developer/Toolchains/XcodeDefault.xctoolchain/usr/bin/ld -version_details

Build description signature: d6521a634b72f67c43a1bf43d354ba59
Build description path: /Users/droga/Library/Developer/Xcode/DerivedData/SMCAMDProcessor-ddrenixjxnblagdlmwfueglmhtbp/Build/Intermediates.noindex/XCBuildData/d6521a634b72f67c43a1bf43d354ba59.xcbuilddata
ClangStatCache /Applications/Xcode.app/Contents/Developer/Toolchains/XcodeDefault.xctoolchain/usr/bin/clang-stat-cache /Applications/Xcode.app/Contents/Developer/Platforms/MacOSX.platform/Developer/SDKs/MacOSX26.5.sdk /Users/droga/Library/Developer/Xcode/DerivedData/SDKStatCaches.noindex/macosx26.5-25F70-e082c4a02f00227109f4ed75e425c832.sdkstatcache
    cd /Users/droga/Desktop/SMCAMDProcessor/SMCAMDProcessor.xcodeproj
    /Applications/Xcode.app/Contents/Developer/Toolchains/XcodeDefault.xctoolchain/usr/bin/clang-stat-cache /Applications/Xcode.app/Contents/Developer/Platforms/MacOSX.platform/Developer/SDKs/MacOSX26.5.sdk -o /Users/droga/Library/Developer/Xcode/DerivedData/SDKStatCaches.noindex/macosx26.5-25F70-e082c4a02f00227109f4ed75e425c832.sdkstatcache

ProcessInfoPlistFile /Users/droga/Library/Developer/Xcode/DerivedData/SMCAMDProcessor-ddrenixjxnblagdlmwfueglmhtbp/Build/Products/Release/APGLaunchHelper.app/Contents/Info.plist /Users/droga/Desktop/SMCAMDProcessor/APGLaunchHelper/Info.plist (in target 'APGLaunchHelper' from project 'SMCAMDProcessor')
    cd /Users/droga/Desktop/SMCAMDProcessor
    builtin-infoPlistUtility /Users/droga/Desktop/SMCAMDProcessor/APGLaunchHelper/Info.plist -producttype com.apple.product-type.application -genpkginfo /Users/droga/Library/Developer/Xcode/DerivedData/SMCAMDProcessor-ddrenixjxnblagdlmwfueglmhtbp/Build/Products/Release/APGLaunchHelper.app/Contents/PkgInfo -expandbuildsettings -platform macosx -o /Users/droga/Library/Developer/Xcode/DerivedData/SMCAMDProcessor-ddrenixjxnblagdlmwfueglmhtbp/Build/Products/Release/APGLaunchHelper.app/Contents/Info.plist

SwiftDriver AMD\ Power\ Gadget normal x86_64 com.apple.xcode.tools.swift.compiler (in target 'AMD Power Gadget' from project 'SMCAMDProcessor')
    cd /Users/droga/Desktop/SMCAMDProcessor
    builtin-SwiftDriver -- /Applications/Xcode.app/Contents/Developer/Toolchains/XcodeDefault.xctoolchain/usr/bin/swiftc -module-name AMD_Power_Gadget -O -whole-module-optimization @/Users/droga/Library/Developer/Xcode/DerivedData/SMCAMDProcessor-ddrenixjxnblagdlmwfueglmhtbp/Build/Intermediates.noindex/SMCAMDProcessor.build/Release/AMD\ Power\ Gadget.build/Objects-normal/x86_64/AMD\ Power\ Gadget.SwiftFileList -enable-bare-slash-regex -enable-experimental-feature DebugDescriptionMacro -sdk /Applications/Xcode.app/Contents/Developer/Platforms/MacOSX.platform/Developer/SDKs/MacOSX26.5.sdk -target x86_64-apple-macos13.0 -g -module-cache-path /Users/droga/Library/Developer/Xcode/DerivedData/ModuleCache.noindex -Xfrontend -serialize-debugging-options -swift-version 5 -I /Users/droga/Library/Developer/Xcode/DerivedData/SMCAMDProcessor-ddrenixjxnblagdlmwfueglmhtbp/Build/Products/Release -F /Users/droga/Library/Developer/Xcode/DerivedData/SMCAMDProcessor-ddrenixjxnblagdlmwfueglmhtbp/Build/Products/Release -c -num-threads 32 -Xcc -ivfsstatcache -Xcc /Users/droga/Library/Developer/Xcode/DerivedData/SDKStatCaches.noindex/macosx26.5-25F70-e082c4a02f00227109f4ed75e425c832.sdkstatcache -output-file-map /Users/droga/Library/Developer/Xcode/DerivedData/SMCAMDProcessor-ddrenixjxnblagdlmwfueglmhtbp/Build/Intermediates.noindex/SMCAMDProcessor.build/Release/AMD\ Power\ Gadget.build/Objects-normal/x86_64/AMD\ Power\ Gadget-OutputFileMap.json -use-frontend-parseable-output -save-temps -no-color-diagnostics -explicit-module-build -module-cache-path /Users/droga/Library/Developer/Xcode/DerivedData/SMCAMDProcessor-ddrenixjxnblagdlmwfueglmhtbp/Build/Intermediates.noindex/SwiftExplicitPrecompiledModules -clang-scanner-module-cache-path /Users/droga/Library/Developer/Xcode/DerivedData/ModuleCache.noindex -sdk-module-cache-path /Users/droga/Library/Developer/Xcode/DerivedData/ModuleCache.noindex -serialize-diagnostics -emit-dependencies -emit-module -emit-module-path /Users/droga/Library/Developer/Xcode/DerivedData/SMCAMDProcessor-ddrenixjxnblagdlmwfueglmhtbp/Build/Intermediates.noindex/SMCAMDProcessor.build/Release/AMD\ Power\ Gadget.build/Objects-normal/x86_64/AMD_Power_Gadget.swiftmodule -validate-clang-modules-once -clang-build-session-file /Users/droga/Library/Developer/Xcode/DerivedData/ModuleCache.noindex/Session.modulevalidation -Xcc -I/Users/droga/Library/Developer/Xcode/DerivedData/SMCAMDProcessor-ddrenixjxnblagdlmwfueglmhtbp/Build/Intermediates.noindex/SMCAMDProcessor.build/Release/AMD\ Power\ Gadget.build/swift-overrides.hmap -emit-const-values -Xfrontend -const-gather-protocols-file -Xfrontend /Users/droga/Library/Developer/Xcode/DerivedData/SMCAMDProcessor-ddrenixjxnblagdlmwfueglmhtbp/Build/Intermediates.noindex/SMCAMDProcessor.build/Release/AMD\ Power\ Gadget.build/Objects-normal/x86_64/AMD\ Power\ Gadget_const_extract_protocols.json -Xcc -iquote -Xcc /Users/droga/Library/Developer/Xcode/DerivedData/SMCAMDProcessor-ddrenixjxnblagdlmwfueglmhtbp/Build/Intermediates.noindex/SMCAMDProcessor.build/Release/AMD\ Power\ Gadget.build/AMD\ Power\ Gadget-generated-files.hmap -Xcc -I/Users/droga/Library/Developer/Xcode/DerivedData/SMCAMDProcessor-ddrenixjxnblagdlmwfueglmhtbp/Build/Intermediates.noindex/SMCAMDProcessor.build/Release/AMD\ Power\ Gadget.build/AMD\ Power\ Gadget-own-target-headers.hmap -Xcc -I/Users/droga/Library/Developer/Xcode/DerivedData/SMCAMDProcessor-ddrenixjxnblagdlmwfueglmhtbp/Build/Intermediates.noindex/SMCAMDProcessor.build/Release/AMD\ Power\ Gadget.build/AMD\ Power\ Gadget-all-target-headers.hmap -Xcc -iquote -Xcc /Users/droga/Library/Developer/Xcode/DerivedData/SMCAMDProcessor-ddrenixjxnblagdlmwfueglmhtbp/Build/Intermediates.noindex/SMCAMDProcessor.build/Release/AMD\ Power\ Gadget.build/AMD\ Power\ Gadget-project-headers.hmap -Xcc -I/Users/droga/Library/Developer/Xcode/DerivedData/SMCAMDProcessor-ddrenixjxnblagdlmwfueglmhtbp/Build/Products/Release/include -Xcc -I/Users/droga/Library/Developer/Xcode/DerivedData/SMCAMDProcessor-ddrenixjxnblagdlmwfueglmhtbp/Build/Intermediates.noindex/SMCAMDProcessor.build/Release/AMD\ Power\ Gadget.build/DerivedSources-normal/x86_64 -Xcc -I/Users/droga/Library/Developer/Xcode/DerivedData/SMCAMDProcessor-ddrenixjxnblagdlmwfueglmhtbp/Build/Intermediates.noindex/SMCAMDProcessor.build/Release/AMD\ Power\ Gadget.build/DerivedSources/x86_64 -Xcc -I/Users/droga/Library/Developer/Xcode/DerivedData/SMCAMDProcessor-ddrenixjxnblagdlmwfueglmhtbp/Build/Intermediates.noindex/SMCAMDProcessor.build/Release/AMD\ Power\ Gadget.build/DerivedSources -Xcc -DVERSION_STRING\=2.1.4 -emit-objc-header -emit-objc-header-path /Users/droga/Library/Developer/Xcode/DerivedData/SMCAMDProcessor-ddrenixjxnblagdlmwfueglmhtbp/Build/Intermediates.noindex/SMCAMDProcessor.build/Release/AMD\ Power\ Gadget.build/Objects-normal/x86_64/AMD_Power_Gadget-Swift.h -working-directory /Users/droga/Desktop/SMCAMDProcessor -no-emit-module-separately-wmo

CopySwiftLibs /Users/droga/Library/Developer/Xcode/DerivedData/SMCAMDProcessor-ddrenixjxnblagdlmwfueglmhtbp/Build/Products/Release/APGLaunchHelper.app (in target 'APGLaunchHelper' from project 'SMCAMDProcessor')
    cd /Users/droga/Desktop/SMCAMDProcessor
    builtin-swiftStdLibTool --copy --verbose --sign - --scan-executable /Users/droga/Library/Developer/Xcode/DerivedData/SMCAMDProcessor-ddrenixjxnblagdlmwfueglmhtbp/Build/Products/Release/APGLaunchHelper.app/Contents/MacOS/APGLaunchHelper --scan-folder /Users/droga/Library/Developer/Xcode/DerivedData/SMCAMDProcessor-ddrenixjxnblagdlmwfueglmhtbp/Build/Products/Release/APGLaunchHelper.app/Contents/Frameworks --scan-folder /Users/droga/Library/Developer/Xcode/DerivedData/SMCAMDProcessor-ddrenixjxnblagdlmwfueglmhtbp/Build/Products/Release/APGLaunchHelper.app/Contents/PlugIns --scan-folder /Users/droga/Library/Developer/Xcode/DerivedData/SMCAMDProcessor-ddrenixjxnblagdlmwfueglmhtbp/Build/Products/Release/APGLaunchHelper.app/Contents/Library/SystemExtensions --scan-folder /Users/droga/Library/Developer/Xcode/DerivedData/SMCAMDProcessor-ddrenixjxnblagdlmwfueglmhtbp/Build/Products/Release/APGLaunchHelper.app/Contents/Extensions --platform macosx --toolchain /Applications/Xcode.app/Contents/Developer/Toolchains/XcodeDefault.xctoolchain --destination /Users/droga/Library/Developer/Xcode/DerivedData/SMCAMDProcessor-ddrenixjxnblagdlmwfueglmhtbp/Build/Products/Release/APGLaunchHelper.app/Contents/Frameworks --strip-bitcode --strip-bitcode-tool /Applications/Xcode.app/Contents/Developer/Toolchains/XcodeDefault.xctoolchain/usr/bin/bitcode_strip --emit-dependency-info /Users/droga/Library/Developer/Xcode/DerivedData/SMCAMDProcessor-ddrenixjxnblagdlmwfueglmhtbp/Build/Intermediates.noindex/SMCAMDProcessor.build/Release/APGLaunchHelper.build/SwiftStdLibToolInputDependencies.dep --filter-for-swift-os --back-deploy-swift-span

SwiftDriver\ Compilation AMD\ Power\ Gadget normal x86_64 com.apple.xcode.tools.swift.compiler (in target 'AMD Power Gadget' from project 'SMCAMDProcessor')
    cd /Users/droga/Desktop/SMCAMDProcessor
    builtin-Swift-Compilation -- /Applications/Xcode.app/Contents/Developer/Toolchains/XcodeDefault.xctoolchain/usr/bin/swiftc -module-name AMD_Power_Gadget -O -whole-module-optimization @/Users/droga/Library/Developer/Xcode/DerivedData/SMCAMDProcessor-ddrenixjxnblagdlmwfueglmhtbp/Build/Intermediates.noindex/SMCAMDProcessor.build/Release/AMD\ Power\ Gadget.build/Objects-normal/x86_64/AMD\ Power\ Gadget.SwiftFileList -enable-bare-slash-regex -enable-experimental-feature DebugDescriptionMacro -sdk /Applications/Xcode.app/Contents/Developer/Platforms/MacOSX.platform/Developer/SDKs/MacOSX26.5.sdk -target x86_64-apple-macos13.0 -g -module-cache-path /Users/droga/Library/Developer/Xcode/DerivedData/ModuleCache.noindex -Xfrontend -serialize-debugging-options -swift-version 5 -I /Users/droga/Library/Developer/Xcode/DerivedData/SMCAMDProcessor-ddrenixjxnblagdlmwfueglmhtbp/Build/Products/Release -F /Users/droga/Library/Developer/Xcode/DerivedData/SMCAMDProcessor-ddrenixjxnblagdlmwfueglmhtbp/Build/Products/Release -c -num-threads 32 -Xcc -ivfsstatcache -Xcc /Users/droga/Library/Developer/Xcode/DerivedData/SDKStatCaches.noindex/macosx26.5-25F70-e082c4a02f00227109f4ed75e425c832.sdkstatcache -output-file-map /Users/droga/Library/Developer/Xcode/DerivedData/SMCAMDProcessor-ddrenixjxnblagdlmwfueglmhtbp/Build/Intermediates.noindex/SMCAMDProcessor.build/Release/AMD\ Power\ Gadget.build/Objects-normal/x86_64/AMD\ Power\ Gadget-OutputFileMap.json -use-frontend-parseable-output -save-temps -no-color-diagnostics -explicit-module-build -module-cache-path /Users/droga/Library/Developer/Xcode/DerivedData/SMCAMDProcessor-ddrenixjxnblagdlmwfueglmhtbp/Build/Intermediates.noindex/SwiftExplicitPrecompiledModules -clang-scanner-module-cache-path /Users/droga/Library/Developer/Xcode/DerivedData/ModuleCache.noindex -sdk-module-cache-path /Users/droga/Library/Developer/Xcode/DerivedData/ModuleCache.noindex -serialize-diagnostics -emit-dependencies -emit-module -emit-module-path /Users/droga/Library/Developer/Xcode/DerivedData/SMCAMDProcessor-ddrenixjxnblagdlmwfueglmhtbp/Build/Intermediates.noindex/SMCAMDProcessor.build/Release/AMD\ Power\ Gadget.build/Objects-normal/x86_64/AMD_Power_Gadget.swiftmodule -validate-clang-modules-once -clang-build-session-file /Users/droga/Library/Developer/Xcode/DerivedData/ModuleCache.noindex/Session.modulevalidation -Xcc -I/Users/droga/Library/Developer/Xcode/DerivedData/SMCAMDProcessor-ddrenixjxnblagdlmwfueglmhtbp/Build/Intermediates.noindex/SMCAMDProcessor.build/Release/AMD\ Power\ Gadget.build/swift-overrides.hmap -emit-const-values -Xfrontend -const-gather-protocols-file -Xfrontend /Users/droga/Library/Developer/Xcode/DerivedData/SMCAMDProcessor-ddrenixjxnblagdlmwfueglmhtbp/Build/Intermediates.noindex/SMCAMDProcessor.build/Release/AMD\ Power\ Gadget.build/Objects-normal/x86_64/AMD\ Power\ Gadget_const_extract_protocols.json -Xcc -iquote -Xcc /Users/droga/Library/Developer/Xcode/DerivedData/SMCAMDProcessor-ddrenixjxnblagdlmwfueglmhtbp/Build/Intermediates.noindex/SMCAMDProcessor.build/Release/AMD\ Power\ Gadget.build/AMD\ Power\ Gadget-generated-files.hmap -Xcc -I/Users/droga/Library/Developer/Xcode/DerivedData/SMCAMDProcessor-ddrenixjxnblagdlmwfueglmhtbp/Build/Intermediates.noindex/SMCAMDProcessor.build/Release/AMD\ Power\ Gadget.build/AMD\ Power\ Gadget-own-target-headers.hmap -Xcc -I/Users/droga/Library/Developer/Xcode/DerivedData/SMCAMDProcessor-ddrenixjxnblagdlmwfueglmhtbp/Build/Intermediates.noindex/SMCAMDProcessor.build/Release/AMD\ Power\ Gadget.build/AMD\ Power\ Gadget-all-target-headers.hmap -Xcc -iquote -Xcc /Users/droga/Library/Developer/Xcode/DerivedData/SMCAMDProcessor-ddrenixjxnblagdlmwfueglmhtbp/Build/Intermediates.noindex/SMCAMDProcessor.build/Release/AMD\ Power\ Gadget.build/AMD\ Power\ Gadget-project-headers.hmap -Xcc -I/Users/droga/Library/Developer/Xcode/DerivedData/SMCAMDProcessor-ddrenixjxnblagdlmwfueglmhtbp/Build/Products/Release/include -Xcc -I/Users/droga/Library/Developer/Xcode/DerivedData/SMCAMDProcessor-ddrenixjxnblagdlmwfueglmhtbp/Build/Intermediates.noindex/SMCAMDProcessor.build/Release/AMD\ Power\ Gadget.build/DerivedSources-normal/x86_64 -Xcc -I/Users/droga/Library/Developer/Xcode/DerivedData/SMCAMDProcessor-ddrenixjxnblagdlmwfueglmhtbp/Build/Intermediates.noindex/SMCAMDProcessor.build/Release/AMD\ Power\ Gadget.build/DerivedSources/x86_64 -Xcc -I/Users/droga/Library/Developer/Xcode/DerivedData/SMCAMDProcessor-ddrenixjxnblagdlmwfueglmhtbp/Build/Intermediates.noindex/SMCAMDProcessor.build/Release/AMD\ Power\ Gadget.build/DerivedSources -Xcc -DVERSION_STRING\=2.1.4 -emit-objc-header -emit-objc-header-path /Users/droga/Library/Developer/Xcode/DerivedData/SMCAMDProcessor-ddrenixjxnblagdlmwfueglmhtbp/Build/Intermediates.noindex/SMCAMDProcessor.build/Release/AMD\ Power\ Gadget.build/Objects-normal/x86_64/AMD_Power_Gadget-Swift.h -working-directory /Users/droga/Desktop/SMCAMDProcessor -no-emit-module-separately-wmo

SwiftCompile normal x86_64 Compiling\ GraphViewLineLayer.swift,\ PowerToolViewController.swift,\ TelemetryModel.swift,\ MainDashboardView.swift,\ NetworkStats.swift,\ ViewController.swift,\ CPUBarLayer.swift,\ CPUPowerStepView.swift,\ SystemMonitorViewController.swift,\ StatusbarController.swift,\ CPUSpeedShiftView.swift,\ AppDelegate.swift,\ ProcessorModel.swift,\ PStateEditorViewController.swift,\ GraphView.swift,\ GraphViewGridLineLayer.swift,\ GeneratedAssetSymbols.swift /Users/droga/Desktop/SMCAMDProcessor/AMD\ Power\ Gadget/GraphView/GraphViewLineLayer.swift /Users/droga/Desktop/SMCAMDProcessor/AMD\ Power\ Gadget/Power\ Tool/PowerToolViewController.swift /Users/droga/Desktop/SMCAMDProcessor/AMD\ Power\ Gadget/TelemetryModel.swift /Users/droga/Desktop/SMCAMDProcessor/AMD\ Power\ Gadget/MainDashboardView.swift /Users/droga/Desktop/SMCAMDProcessor/AMD\ Power\ Gadget/NetworkStats.swift /Users/droga/Desktop/SMCAMDProcessor/AMD\ Power\ Gadget/ViewController.swift /Users/droga/Desktop/SMCAMDProcessor/AMD\ Power\ Gadget/Power\ Tool/CPUBarLayer.swift /Users/droga/Desktop/SMCAMDProcessor/AMD\ Power\ Gadget/Power\ Tool/CPUPowerStepView.swift /Users/droga/Desktop/SMCAMDProcessor/AMD\ Power\ Gadget/System\ Monitor/SystemMonitorViewController.swift /Users/droga/Desktop/SMCAMDProcessor/AMD\ Power\ Gadget/StatusbarController.swift /Users/droga/Desktop/SMCAMDProcessor/AMD\ Power\ Gadget/Power\ Tool/CPUSpeedShiftView.swift /Users/droga/Desktop/SMCAMDProcessor/AMD\ Power\ Gadget/AppDelegate.swift /Users/droga/Desktop/SMCAMDProcessor/AMD\ Power\ Gadget/ProcessorModel.swift /Users/droga/Desktop/SMCAMDProcessor/AMD\ Power\ Gadget/Power\ Tool/PStateEditorViewController.swift /Users/droga/Desktop/SMCAMDProcessor/AMD\ Power\ Gadget/GraphView/GraphView.swift /Users/droga/Desktop/SMCAMDProcessor/AMD\ Power\ Gadget/GraphView/GraphViewGridLineLayer.swift /Users/droga/Library/Developer/Xcode/DerivedData/SMCAMDProcessor-ddrenixjxnblagdlmwfueglmhtbp/Build/Intermediates.noindex/SMCAMDProcessor.build/Release/AMD\ Power\ Gadget.build/DerivedSources/GeneratedAssetSymbols.swift /Applications/Xcode.app/Contents/Developer/Toolchains/XcodeDefault.xctoolchain/usr/lib/swift/macosx/prebuilt-modules/26.5/AppKit.swiftmodule/x86_64-apple-macos.swiftmodule /Applications/Xcode.app/Contents/Developer/Toolchains/XcodeDefault.xctoolchain/usr/lib/swift/macosx/prebuilt-modules/26.5/Symbols.swiftmodule/x86_64-apple-macos.swiftmodule /Applications/Xcode.app/Contents/Developer/Toolchains/XcodeDefault.xctoolchain/usr/lib/swift/macosx/prebuilt-modules/26.5/Observation.swiftmodule/x86_64-apple-macos.swiftmodule /Applications/Xcode.app/Contents/Developer/Toolchains/XcodeDefault.xctoolchain/usr/lib/swift/macosx/prebuilt-modules/26.5/XPC.swiftmodule/x86_64-apple-macos.swiftmodule /Applications/Xcode.app/Contents/Developer/Toolchains/XcodeDefault.xctoolchain/usr/lib/swift/macosx/prebuilt-modules/26.5/UniformTypeIdentifiers.swiftmodule/x86_64-apple-macos.swiftmodule /Applications/Xcode.app/Contents/Developer/Toolchains/XcodeDefault.xctoolchain/usr/lib/swift/macosx/prebuilt-modules/26.5/_DarwinFoundation3.swiftmodule/x86_64-apple-macos.swiftmodule /Applications/Xcode.app/Contents/Developer/Toolchains/XcodeDefault.xctoolchain/usr/lib/swift/macosx/prebuilt-modules/26.5/DataDetection.swiftmodule/x86_64-apple-macos.swiftmodule /Applications/Xcode.app/Contents/Developer/Toolchains/XcodeDefault.xctoolchain/usr/lib/swift/macosx/prebuilt-modules/26.5/SwiftUICore.swiftmodule/x86_64-apple-macos.swiftmodule /Applications/Xcode.app/Contents/Developer/Toolchains/XcodeDefault.xctoolchain/usr/lib/swift/macosx/prebuilt-modules/26.5/CoreImage.swiftmodule/x86_64-apple-macos.swiftmodule /Applications/Xcode.app/Contents/Developer/Toolchains/XcodeDefault.xctoolchain/usr/lib/swift/macosx/prebuilt-modules/26.5/IOKit.swiftmodule/x86_64-apple-macos.swiftmodule /Applications/Xcode.app/Contents/Developer/Toolchains/XcodeDefault.xctoolchain/usr/lib/swift/macosx/prebuilt-modules/26.5/VideoToolbox.swiftmodule/x86_64-apple-macos.swiftmodule /Applications/Xcode.app/Contents/Developer/Toolchains/XcodeDefault.xctoolchain/usr/lib/swift/macosx/prebuilt-modules/26.5/Spatial.swiftmodule/x86_64-apple-macos.swiftmodule /Applications/Xcode.app/Contents/Developer/Toolchains/XcodeDefault.xctoolchain/usr/lib/swift/macosx/prebuilt-modules/26.5/CoreData.swiftmodule/x86_64-apple-macos.swiftmodule /Applications/Xcode.app/Contents/Developer/Toolchains/XcodeDefault.xctoolchain/usr/lib/swift/macosx/prebuilt-modules/26.5/CoreFoundation.swiftmodule/x86_64-apple-macos.swiftmodule /Applications/Xcode.app/Contents/Developer/Toolchains/XcodeDefault.xctoolchain/usr/lib/swift/macosx/prebuilt-modules/26.5/Charts.swiftmodule/x86_64-apple-macos.swiftmodule /Applications/Xcode.app/Contents/Developer/Toolchains/XcodeDefault.xctoolchain/usr/lib/swift/macosx/prebuilt-modules/26.5/Combine.swiftmodule/x86_64-apple-macos.swiftmodule /Applications/Xcode.app/Contents/Developer/Toolchains/XcodeDefault.xctoolchain/usr/lib/swift/macosx/prebuilt-modules/26.5/Dispatch.swiftmodule/x86_64-apple-macos.swiftmodule /Applications/Xcode.app/Contents/Developer/Toolchains/XcodeDefault.xctoolchain/usr/lib/swift/macosx/prebuilt-modules/26.5/QuartzCore.swiftmodule/x86_64-apple-macos.swiftmodule /Applications/Xcode.app/Contents/Developer/Toolchains/XcodeDefault.xctoolchain/usr/lib/swift/macosx/prebuilt-modules/26.5/CoreText.swiftmodule/x86_64-apple-macos.swiftmodule /Applications/Xcode.app/Contents/Developer/Toolchains/XcodeDefault.xctoolchain/usr/lib/swift/macosx/prebuilt-modules/26.5/_Builtin_float.swiftmodule/x86_64-apple-macos.swiftmodule /Applications/Xcode.app/Contents/Developer/Toolchains/XcodeDefault.xctoolchain/usr/lib/swift/macosx/prebuilt-modules/26.5/CoreVideo.swiftmodule/x86_64-apple-macos.swiftmodule /Applications/Xcode.app/Contents/Developer/Toolchains/XcodeDefault.xctoolchain/usr/lib/swift/macosx/prebuilt-modules/26.5/Foundation.swiftmodule/x86_64-apple-macos.swiftmodule /Applications/Xcode.app/Contents/Developer/Toolchains/XcodeDefault.xctoolchain/usr/lib/swift/macosx/prebuilt-modules/26.5/CoreTransferable.swiftmodule/x86_64-apple-macos.swiftmodule /Applications/Xcode.app/Contents/Developer/Toolchains/XcodeDefault.xctoolchain/usr/lib/swift/macosx/prebuilt-modules/26.5/OSLog.swiftmodule/x86_64-apple-macos.swiftmodule /Applications/Xcode.app/Contents/Developer/Toolchains/XcodeDefault.xctoolchain/usr/lib/swift/macosx/prebuilt-modules/26.5/Darwin.swiftmodule/x86_64-apple-macos.swiftmodule /Applications/Xcode.app/Contents/Developer/Toolchains/XcodeDefault.xctoolchain/usr/lib/swift/macosx/prebuilt-modules/26.5/os.swiftmodule/x86_64-apple-macos.swiftmodule /Applications/Xcode.app/Contents/Developer/Toolchains/XcodeDefault.xctoolchain/usr/lib/swift/macosx/prebuilt-modules/26.5/Swift.swiftmodule/x86_64-apple-macos.swiftmodule /Applications/Xcode.app/Contents/Developer/Toolchains/XcodeDefault.xctoolchain/usr/lib/swift/macosx/prebuilt-modules/26.5/_Concurrency.swiftmodule/x86_64-apple-macos.swiftmodule /Applications/Xcode.app/Contents/Developer/Toolchains/XcodeDefault.xctoolchain/usr/lib/swift/macosx/prebuilt-modules/26.5/_DarwinFoundation1.swiftmodule/x86_64-apple-macos.swiftmodule /Applications/Xcode.app/Contents/Developer/Toolchains/XcodeDefault.xctoolchain/usr/lib/swift/macosx/prebuilt-modules/26.5/System.swiftmodule/x86_64-apple-macos.swiftmodule /Applications/Xcode.app/Contents/Developer/Toolchains/XcodeDefault.xctoolchain/usr/lib/swift/macosx/prebuilt-modules/26.5/SwiftUI.swiftmodule/x86_64-apple-macos.swiftmodule /Applications/Xcode.app/Contents/Developer/Toolchains/XcodeDefault.xctoolchain/usr/lib/swift/macosx/prebuilt-modules/26.5/CoreAudio.swiftmodule/x86_64-apple-macos.swiftmodule /Applications/Xcode.app/Contents/Developer/Toolchains/XcodeDefault.xctoolchain/usr/lib/swift/macosx/prebuilt-modules/26.5/Accessibility.swiftmodule/x86_64-apple-macos.swiftmodule /Applications/Xcode.app/Contents/Developer/Toolchains/XcodeDefault.xctoolchain/usr/lib/swift/macosx/prebuilt-modules/26.5/_DarwinFoundation2.swiftmodule/x86_64-apple-macos.swiftmodule /Applications/Xcode.app/Contents/Developer/Toolchains/XcodeDefault.xctoolchain/usr/lib/swift/macosx/prebuilt-modules/26.5/simd.swiftmodule/x86_64-apple-macos.swiftmodule /Applications/Xcode.app/Contents/Developer/Toolchains/XcodeDefault.xctoolchain/usr/lib/swift/macosx/prebuilt-modules/26.5/Metal.swiftmodule/x86_64-apple-macos.swiftmodule /Applications/Xcode.app/Contents/Developer/Toolchains/XcodeDefault.xctoolchain/usr/lib/swift/macosx/prebuilt-modules/26.5/DeveloperToolsSupport.swiftmodule/x86_64-apple-macos.swiftmodule /Applications/Xcode.app/Contents/Developer/Toolchains/XcodeDefault.xctoolchain/usr/lib/swift/macosx/prebuilt-modules/26.5/CoreGraphics.swiftmodule/x86_64-apple-macos.swiftmodule /Applications/Xcode.app/Contents/Developer/Toolchains/XcodeDefault.xctoolchain/usr/lib/swift/macosx/prebuilt-modules/26.5/Synchronization.swiftmodule/x86_64-apple-macos.swiftmodule /Applications/Xcode.app/Contents/Developer/Toolchains/XcodeDefault.xctoolchain/usr/lib/swift/macosx/prebuilt-modules/26.5/_StringProcessing.swiftmodule/x86_64-apple-macos.swiftmodule /Applications/Xcode.app/Contents/Developer/Toolchains/XcodeDefault.xctoolchain/usr/lib/swift/macosx/prebuilt-modules/26.5/ObjectiveC.swiftmodule/x86_64-apple-macos.swiftmodule /Applications/Xcode.app/Contents/Developer/Toolchains/XcodeDefault.xctoolchain/usr/lib/swift/macosx/prebuilt-modules/26.5/CoreMedia.swiftmodule/x86_64-apple-macos.swiftmodule /Users/droga/Library/Developer/Xcode/DerivedData/ModuleCache.noindex/MachO-AS15I15SOVBAXYSET6H3AHDDD.pcm /Users/droga/Library/Developer/Xcode/DerivedData/ModuleCache.noindex/CoreGraphics-14DGI45F77DYHO2CVMUYMXZ2P.pcm /Users/droga/Library/Developer/Xcode/DerivedData/ModuleCache.noindex/OSLog-8V69X2GGDMLOJ271CQADQXQGX.pcm /Users/droga/Library/Developer/Xcode/DerivedData/ModuleCache.noindex/Accessibility-ILKFPCQ7DWVJJJZPQ9LYJX6P.pcm /Users/droga/Library/Developer/Xcode/DerivedData/ModuleCache.noindex/_Builtin_stdarg-14Z43XSRVCGDA66D4J52I0OYW.pcm /Users/droga/Library/Developer/Xcode/DerivedData/ModuleCache.noindex/CoreTransferable-ERZ8W4WV0I1NJWKEIZ5BLST49.pcm /Users/droga/Library/Developer/Xcode/DerivedData/ModuleCache.noindex/_SwiftConcurrencyShims-4JM371RAIL279Y6ZRXDK4KT8J.pcm /Users/droga/Library/Developer/Xcode/DerivedData/ModuleCache.noindex/AppKit-45ASRCODJIDXSI58GJWUNGLSF.pcm /Users/droga/Library/Developer/Xcode/DerivedData/ModuleCache.noindex/DeveloperToolsSupport-9AG32MMRLWI3KH5M7LI2O6SK7.pcm /Users/droga/Library/Developer/Xcode/DerivedData/ModuleCache.noindex/_DarwinFoundation2-CCYF7XYRH4HYOW15GZPK2NGSC.pcm /Users/droga/Library/Developer/Xcode/DerivedData/ModuleCache.noindex/OpenGL-98NYXWCLNCCO1U1A5IF41HMLM.pcm /Users/droga/Library/Developer/Xcode/DerivedData/ModuleCache.noindex/Foundation-CFORDY14J7NYW03XSSXTB8W7K.pcm /Users/droga/Library/Developer/Xcode/DerivedData/ModuleCache.noindex/IOKit-3IGPKAJWM6QPT30XLPLN60W3Y.pcm /Users/droga/Library/Developer/Xcode/DerivedData/ModuleCache.noindex/ptrauth-5E7CATA5EUDN5Z1K9G1LQ2SWA.pcm /Users/droga/Library/Developer/Xcode/DerivedData/ModuleCache.noindex/_AvailabilityInternal-7PELATGZFK0518K4SWX2NX0PA.pcm /Users/droga/Library/Developer/Xcode/DerivedData/ModuleCache.noindex/Dispatch-DXHBFDYGMSIN92SAXNZZ6L1O8.pcm /Users/droga/Library/Developer/Xcode/DerivedData/ModuleCache.noindex/_Builtin_intrinsics-3RZ82LA4AJM0A9CD462BQKG9J.pcm /Users/droga/Library/Developer/Xcode/DerivedData/ModuleCache.noindex/CoreData-C7LC97H5R3B0UOU5AA6Y830E2.pcm /Users/droga/Library/Developer/Xcode/DerivedData/ModuleCache.noindex/CoreVideo-C4T2BSQ14Q2TJFE4CRPU5Y0L6.pcm /Users/droga/Library/Developer/Xcode/DerivedData/ModuleCache.noindex/CoreMedia-12T5G52YB6X358M2TIIIWNOBM.pcm /Users/droga/Library/Developer/Xcode/DerivedData/ModuleCache.noindex/Darwin-76KT93UDNTGA3S29Q5111E38X.pcm /Users/droga/Library/Developer/Xcode/DerivedData/ModuleCache.noindex/os_workgroup-6VMQOR1PK1120CZWW1Z2EZAOV.pcm /Users/droga/Library/Developer/Xcode/DerivedData/ModuleCache.noindex/XPC-22NMXI8SJOGXCVRQHIXGWD621.pcm /Users/droga/Library/Developer/Xcode/DerivedData/ModuleCache.noindex/ObjectiveC-5OKMCI9V9NL25A4T912QRIYHB.pcm /Users/droga/Library/Developer/Xcode/DerivedData/ModuleCache.noindex/os_object-9HKYAQ7VUUBLA0SR27TLEL7W4.pcm /Users/droga/Library/Developer/Xcode/DerivedData/ModuleCache.noindex/SwiftUICore-BU3UBKBG5ZE4C2A703WZCCPJ3.pcm /Users/droga/Library/Developer/Xcode/DerivedData/ModuleCache.noindex/simd-6JU9VKK7624L19TM1DIREVNI.pcm /Users/droga/Library/Developer/Xcode/DerivedData/ModuleCache.noindex/_Builtin_limits-1DL3ABHWNLM5N7R2FKRXBRE4J.pcm /Users/droga/Library/Developer/Xcode/DerivedData/ModuleCache.noindex/_DarwinFoundation3-9J6B85X5IIEERUDWWZGJSZ7N2.pcm /Users/droga/Library/Developer/Xcode/DerivedData/ModuleCache.noindex/CoreServices-EN9T9X4ARL63HCZ75FRN02LTB.pcm /Users/droga/Library/Developer/Xcode/DerivedData/ModuleCache.noindex/VideoToolbox-AE5DRPP8T2VMR3LWIINIPQ70J.pcm /Users/droga/Library/Developer/Xcode/DerivedData/ModuleCache.noindex/IOSurface-9OAZ415SUSDKRY8VF6FJ2XRWV.pcm /Users/droga/Library/Developer/Xcode/DerivedData/ModuleCache.noindex/SwiftShims-AUX0304CYEA66NGGIRLRVWFHJ.pcm /Users/droga/Library/Developer/Xcode/DerivedData/ModuleCache.noindex/ImageIO-F0KL8QQ31977C9YQGFZZKI9OX.pcm /Users/droga/Library/Developer/Xcode/DerivedData/ModuleCache.noindex/DiskArbitration-1UHY2WQWHEFPASJ0RQB6QIRT1.pcm /Users/droga/Library/Developer/Xcode/DerivedData/ModuleCache.noindex/_Builtin_stdint-E96L8GGAFZB9RDGUFQ0HN166V.pcm /Users/droga/Library/Developer/Xcode/DerivedData/ModuleCache.noindex/_Builtin_stdbool-6VXOF8WHC6S2579PXPWTKIESF.pcm /Users/droga/Library/Developer/Xcode/DerivedData/ModuleCache.noindex/sys_types-CBMEKY3QNXNYMQ9143SN36HEW.pcm /Users/droga/Library/Developer/Xcode/DerivedData/ModuleCache.noindex/ApplicationServices-EXNTH4FXED6GT1HCQK3QMQBYK.pcm /Users/droga/Library/Developer/Xcode/DerivedData/ModuleCache.noindex/_Builtin_inttypes-24L69S471A4UR4FRH2XFXLKGE.pcm /Users/droga/Library/Developer/Xcode/DerivedData/ModuleCache.noindex/SwiftUI-265OO9EFVLZ50VRQJ49DU3IY1.pcm /Users/droga/Library/Developer/Xcode/DerivedData/ModuleCache.noindex/ServiceManagement-112JB36C5A1B9LRYLH6IU9P0T.pcm /Users/droga/Library/Developer/Xcode/DerivedData/ModuleCache.noindex/ptrcheck-96EI8QSBVBC6HNJH0V3HRRZGB.pcm /Users/droga/Library/Developer/Xcode/DerivedData/ModuleCache.noindex/_DarwinFoundation1-55QHCTXN4GB57RDKI35ZSQ2NB.pcm /Users/droga/Library/Developer/Xcode/DerivedData/ModuleCache.noindex/Security-82W1MR3J7NY6J4FUNA32XRJFR.pcm /Users/droga/Library/Developer/Xcode/DerivedData/ModuleCache.noindex/CoreText-7JJ6LASTSPX73UUFPQNA5VA3Z.pcm /Users/droga/Library/Developer/Xcode/DerivedData/ModuleCache.noindex/CoreFoundation-OHETZ2NFZAD12QW69JRT5LTK.pcm /Users/droga/Library/Developer/Xcode/DerivedData/ModuleCache.noindex/ColorSync-9067G4W14IE1KKJ9IDGZFHR47.pcm /Users/droga/Library/Developer/Xcode/DerivedData/ModuleCache.noindex/libDER-21MD94PUEPKOXW1PQA00Y4B21.pcm /Users/droga/Library/Developer/Xcode/DerivedData/ModuleCache.noindex/_Builtin_stdatomic-C11CGF44SPMWFKGKIABD3EMB5.pcm /Users/droga/Library/Developer/Xcode/DerivedData/ModuleCache.noindex/_Builtin_stddef-KG2PE8TNHB0Z3N9YHZWWYE2H.pcm /Users/droga/Library/Developer/Xcode/DerivedData/ModuleCache.noindex/CoreAudio-BEYZ07KCG0CKWOR10B1WG2JE3.pcm /Users/droga/Library/Developer/Xcode/DerivedData/ModuleCache.noindex/DataDetection-DMXYJ0UZ6LS38SEGV4WQP635A.pcm /Users/droga/Library/Developer/Xcode/DerivedData/ModuleCache.noindex/Symbols-BUW416CGATGIKWUASIKU2V2RB.pcm /Users/droga/Library/Developer/Xcode/DerivedData/ModuleCache.noindex/os-B6TI0XELAAU89NODHH3UZTIEW.pcm /Users/droga/Library/Developer/Xcode/DerivedData/ModuleCache.noindex/UniformTypeIdentifiers-CJIV2DLM84GV9I5FP388VVAM1.pcm /Users/droga/Library/Developer/Xcode/DerivedData/ModuleCache.noindex/_Builtin_float-57UGAXPWR04AHV7X460AFMAPJ.pcm /Users/droga/Library/Developer/Xcode/DerivedData/ModuleCache.noindex/CoreImage-AUMYED6CTON62LPSZHFO6FIX4.pcm /Users/droga/Library/Developer/Xcode/DerivedData/ModuleCache.noindex/CUPS-JWXIQ8RO15QRFS7DXQ4B5LRU.pcm /Users/droga/Library/Developer/Xcode/DerivedData/ModuleCache.noindex/launch-CZJ2XYV0KXHLQH0774PBBKOOJ.pcm /Users/droga/Library/Developer/Xcode/DerivedData/ModuleCache.noindex/CFNetwork-N8A111TNUI8ACXMW6K81L0T1.pcm /Users/droga/Library/Developer/Xcode/DerivedData/ModuleCache.noindex/Metal-B2HH5FJE4VOIJBGK5RXE7QGZN.pcm /Users/droga/Library/Developer/Xcode/DerivedData/ModuleCache.noindex/Spatial-VUWIFPWI94L817JHE0B069D2.pcm /Users/droga/Library/Developer/Xcode/DerivedData/ModuleCache.noindex/Cocoa-SV3A1MBRATGKIVEXQQ0H0OQK.pcm /Users/droga/Library/Developer/Xcode/DerivedData/ModuleCache.noindex/libkern-EN9E1V6COCGNMFBC2G6XRFR0E.pcm /Users/droga/Library/Developer/Xcode/DerivedData/ModuleCache.noindex/QuartzCore-7JRZ345QIZ2TXO368F0U1WNOA.pcm /Users/droga/Library/Developer/Xcode/DerivedData/ModuleCache.noindex/_Builtin_tgmath-3QK6WTLLT9C4AUCBQQELQ4AUI.pcm /Users/droga/Library/Developer/Xcode/DerivedData/ModuleCache.noindex/CoreAudioTypes-BS6CA5VY3W5WL774RK83XJ8MU.pcm /Users/droga/Library/Developer/Xcode/DerivedData/SMCAMDProcessor-ddrenixjxnblagdlmwfueglmhtbp/Build/Intermediates.noindex/SMCAMDProcessor.build/Release/AMD\ Power\ Gadget.build/Objects-normal/x86_64/AMD_Power_Gadget-dependencies-1.json (in target 'AMD Power Gadget' from project 'SMCAMDProcessor')

CompileSwift normal x86_64 (in target 'AMD Power Gadget' from project 'SMCAMDProcessor')
    cd /Users/droga/Desktop/SMCAMDProcessor
    
/Users/droga/Desktop/SMCAMDProcessor/AMD Power Gadget/NetworkStats.swift:59:17: warning: variable 'mib' was never mutated; consider changing to 'let' constant
            var mib: [Int32] = [CTL_NET, PF_ROUTE, 0, 0, NET_RT_IFLIST2, 0]
            ~~~ ^
            let
/Users/droga/Desktop/SMCAMDProcessor/AMD Power Gadget/StatusbarController.swift:425:19: warning: call to main actor-isolated instance method 'update()' in a synchronous nonisolated context
            self?.update()
                  ^
/Users/droga/Desktop/SMCAMDProcessor/AMD Power Gadget/StatusbarController.swift:448:10: note: calls to instance method 'update()' from outside of its actor context are implicitly asynchronous
    func update() {
         ^

SwiftDriverJobDiscovery normal x86_64 Compiling GraphViewLineLayer.swift, PowerToolViewController.swift, TelemetryModel.swift, MainDashboardView.swift, NetworkStats.swift, ViewController.swift, CPUBarLayer.swift, CPUPowerStepView.swift, SystemMonitorViewController.swift, StatusbarController.swift, CPUSpeedShiftView.swift, AppDelegate.swift, ProcessorModel.swift, PStateEditorViewController.swift, GraphView.swift, GraphViewGridLineLayer.swift, GeneratedAssetSymbols.swift (in target 'AMD Power Gadget' from project 'SMCAMDProcessor')

SwiftDriver\ Compilation\ Requirements AMD\ Power\ Gadget normal x86_64 com.apple.xcode.tools.swift.compiler (in target 'AMD Power Gadget' from project 'SMCAMDProcessor')
    cd /Users/droga/Desktop/SMCAMDProcessor
    builtin-Swift-Compilation-Requirements -- /Applications/Xcode.app/Contents/Developer/Toolchains/XcodeDefault.xctoolchain/usr/bin/swiftc -module-name AMD_Power_Gadget -O -whole-module-optimization @/Users/droga/Library/Developer/Xcode/DerivedData/SMCAMDProcessor-ddrenixjxnblagdlmwfueglmhtbp/Build/Intermediates.noindex/SMCAMDProcessor.build/Release/AMD\ Power\ Gadget.build/Objects-normal/x86_64/AMD\ Power\ Gadget.SwiftFileList -enable-bare-slash-regex -enable-experimental-feature DebugDescriptionMacro -sdk /Applications/Xcode.app/Contents/Developer/Platforms/MacOSX.platform/Developer/SDKs/MacOSX26.5.sdk -target x86_64-apple-macos13.0 -g -module-cache-path /Users/droga/Library/Developer/Xcode/DerivedData/ModuleCache.noindex -Xfrontend -serialize-debugging-options -swift-version 5 -I /Users/droga/Library/Developer/Xcode/DerivedData/SMCAMDProcessor-ddrenixjxnblagdlmwfueglmhtbp/Build/Products/Release -F /Users/droga/Library/Developer/Xcode/DerivedData/SMCAMDProcessor-ddrenixjxnblagdlmwfueglmhtbp/Build/Products/Release -c -num-threads 32 -Xcc -ivfsstatcache -Xcc /Users/droga/Library/Developer/Xcode/DerivedData/SDKStatCaches.noindex/macosx26.5-25F70-e082c4a02f00227109f4ed75e425c832.sdkstatcache -output-file-map /Users/droga/Library/Developer/Xcode/DerivedData/SMCAMDProcessor-ddrenixjxnblagdlmwfueglmhtbp/Build/Intermediates.noindex/SMCAMDProcessor.build/Release/AMD\ Power\ Gadget.build/Objects-normal/x86_64/AMD\ Power\ Gadget-OutputFileMap.json -use-frontend-parseable-output -save-temps -no-color-diagnostics -explicit-module-build -module-cache-path /Users/droga/Library/Developer/Xcode/DerivedData/SMCAMDProcessor-ddrenixjxnblagdlmwfueglmhtbp/Build/Intermediates.noindex/SwiftExplicitPrecompiledModules -clang-scanner-module-cache-path /Users/droga/Library/Developer/Xcode/DerivedData/ModuleCache.noindex -sdk-module-cache-path /Users/droga/Library/Developer/Xcode/DerivedData/ModuleCache.noindex -serialize-diagnostics -emit-dependencies -emit-module -emit-module-path /Users/droga/Library/Developer/Xcode/DerivedData/SMCAMDProcessor-ddrenixjxnblagdlmwfueglmhtbp/Build/Intermediates.noindex/SMCAMDProcessor.build/Release/AMD\ Power\ Gadget.build/Objects-normal/x86_64/AMD_Power_Gadget.swiftmodule -validate-clang-modules-once -clang-build-session-file /Users/droga/Library/Developer/Xcode/DerivedData/ModuleCache.noindex/Session.modulevalidation -Xcc -I/Users/droga/Library/Developer/Xcode/DerivedData/SMCAMDProcessor-ddrenixjxnblagdlmwfueglmhtbp/Build/Intermediates.noindex/SMCAMDProcessor.build/Release/AMD\ Power\ Gadget.build/swift-overrides.hmap -emit-const-values -Xfrontend -const-gather-protocols-file -Xfrontend /Users/droga/Library/Developer/Xcode/DerivedData/SMCAMDProcessor-ddrenixjxnblagdlmwfueglmhtbp/Build/Intermediates.noindex/SMCAMDProcessor.build/Release/AMD\ Power\ Gadget.build/Objects-normal/x86_64/AMD\ Power\ Gadget_const_extract_protocols.json -Xcc -iquote -Xcc /Users/droga/Library/Developer/Xcode/DerivedData/SMCAMDProcessor-ddrenixjxnblagdlmwfueglmhtbp/Build/Intermediates.noindex/SMCAMDProcessor.build/Release/AMD\ Power\ Gadget.build/AMD\ Power\ Gadget-generated-files.hmap -Xcc -I/Users/droga/Library/Developer/Xcode/DerivedData/SMCAMDProcessor-ddrenixjxnblagdlmwfueglmhtbp/Build/Intermediates.noindex/SMCAMDProcessor.build/Release/AMD\ Power\ Gadget.build/AMD\ Power\ Gadget-own-target-headers.hmap -Xcc -I/Users/droga/Library/Developer/Xcode/DerivedData/SMCAMDProcessor-ddrenixjxnblagdlmwfueglmhtbp/Build/Intermediates.noindex/SMCAMDProcessor.build/Release/AMD\ Power\ Gadget.build/AMD\ Power\ Gadget-all-target-headers.hmap -Xcc -iquote -Xcc /Users/droga/Library/Developer/Xcode/DerivedData/SMCAMDProcessor-ddrenixjxnblagdlmwfueglmhtbp/Build/Intermediates.noindex/SMCAMDProcessor.build/Release/AMD\ Power\ Gadget.build/AMD\ Power\ Gadget-project-headers.hmap -Xcc -I/Users/droga/Library/Developer/Xcode/DerivedData/SMCAMDProcessor-ddrenixjxnblagdlmwfueglmhtbp/Build/Products/Release/include -Xcc -I/Users/droga/Library/Developer/Xcode/DerivedData/SMCAMDProcessor-ddrenixjxnblagdlmwfueglmhtbp/Build/Intermediates.noindex/SMCAMDProcessor.build/Release/AMD\ Power\ Gadget.build/DerivedSources-normal/x86_64 -Xcc -I/Users/droga/Library/Developer/Xcode/DerivedData/SMCAMDProcessor-ddrenixjxnblagdlmwfueglmhtbp/Build/Intermediates.noindex/SMCAMDProcessor.build/Release/AMD\ Power\ Gadget.build/DerivedSources/x86_64 -Xcc -I/Users/droga/Library/Developer/Xcode/DerivedData/SMCAMDProcessor-ddrenixjxnblagdlmwfueglmhtbp/Build/Intermediates.noindex/SMCAMDProcessor.build/Release/AMD\ Power\ Gadget.build/DerivedSources -Xcc -DVERSION_STRING\=2.1.4 -emit-objc-header -emit-objc-header-path /Users/droga/Library/Developer/Xcode/DerivedData/SMCAMDProcessor-ddrenixjxnblagdlmwfueglmhtbp/Build/Intermediates.noindex/SMCAMDProcessor.build/Release/AMD\ Power\ Gadget.build/Objects-normal/x86_64/AMD_Power_Gadget-Swift.h -working-directory /Users/droga/Desktop/SMCAMDProcessor -no-emit-module-separately-wmo

Copy /Users/droga/Library/Developer/Xcode/DerivedData/SMCAMDProcessor-ddrenixjxnblagdlmwfueglmhtbp/Build/Products/Release/AMD_Power_Gadget.swiftmodule/x86_64-apple-macos.swiftmodule /Users/droga/Library/Developer/Xcode/DerivedData/SMCAMDProcessor-ddrenixjxnblagdlmwfueglmhtbp/Build/Intermediates.noindex/SMCAMDProcessor.build/Release/AMD\ Power\ Gadget.build/Objects-normal/x86_64/AMD_Power_Gadget.swiftmodule (in target 'AMD Power Gadget' from project 'SMCAMDProcessor')
    cd /Users/droga/Desktop/SMCAMDProcessor
    builtin-copy -exclude .DS_Store -exclude CVS -exclude .svn -exclude .git -exclude .hg -resolve-src-symlinks -rename /Users/droga/Library/Developer/Xcode/DerivedData/SMCAMDProcessor-ddrenixjxnblagdlmwfueglmhtbp/Build/Intermediates.noindex/SMCAMDProcessor.build/Release/AMD\ Power\ Gadget.build/Objects-normal/x86_64/AMD_Power_Gadget.swiftmodule /Users/droga/Library/Developer/Xcode/DerivedData/SMCAMDProcessor-ddrenixjxnblagdlmwfueglmhtbp/Build/Products/Release/AMD_Power_Gadget.swiftmodule/x86_64-apple-macos.swiftmodule

Copy /Users/droga/Library/Developer/Xcode/DerivedData/SMCAMDProcessor-ddrenixjxnblagdlmwfueglmhtbp/Build/Products/Release/AMD_Power_Gadget.swiftmodule/x86_64-apple-macos.abi.json /Users/droga/Library/Developer/Xcode/DerivedData/SMCAMDProcessor-ddrenixjxnblagdlmwfueglmhtbp/Build/Intermediates.noindex/SMCAMDProcessor.build/Release/AMD\ Power\ Gadget.build/Objects-normal/x86_64/AMD_Power_Gadget.abi.json (in target 'AMD Power Gadget' from project 'SMCAMDProcessor')
    cd /Users/droga/Desktop/SMCAMDProcessor
    builtin-copy -exclude .DS_Store -exclude CVS -exclude .svn -exclude .git -exclude .hg -resolve-src-symlinks -rename /Users/droga/Library/Developer/Xcode/DerivedData/SMCAMDProcessor-ddrenixjxnblagdlmwfueglmhtbp/Build/Intermediates.noindex/SMCAMDProcessor.build/Release/AMD\ Power\ Gadget.build/Objects-normal/x86_64/AMD_Power_Gadget.abi.json /Users/droga/Library/Developer/Xcode/DerivedData/SMCAMDProcessor-ddrenixjxnblagdlmwfueglmhtbp/Build/Products/Release/AMD_Power_Gadget.swiftmodule/x86_64-apple-macos.abi.json

Copy /Users/droga/Library/Developer/Xcode/DerivedData/SMCAMDProcessor-ddrenixjxnblagdlmwfueglmhtbp/Build/Products/Release/AMD_Power_Gadget.swiftmodule/x86_64-apple-macos.swiftdoc /Users/droga/Library/Developer/Xcode/DerivedData/SMCAMDProcessor-ddrenixjxnblagdlmwfueglmhtbp/Build/Intermediates.noindex/SMCAMDProcessor.build/Release/AMD\ Power\ Gadget.build/Objects-normal/x86_64/AMD_Power_Gadget.swiftdoc (in target 'AMD Power Gadget' from project 'SMCAMDProcessor')
    cd /Users/droga/Desktop/SMCAMDProcessor
    builtin-copy -exclude .DS_Store -exclude CVS -exclude .svn -exclude .git -exclude .hg -resolve-src-symlinks -rename /Users/droga/Library/Developer/Xcode/DerivedData/SMCAMDProcessor-ddrenixjxnblagdlmwfueglmhtbp/Build/Intermediates.noindex/SMCAMDProcessor.build/Release/AMD\ Power\ Gadget.build/Objects-normal/x86_64/AMD_Power_Gadget.swiftdoc /Users/droga/Library/Developer/Xcode/DerivedData/SMCAMDProcessor-ddrenixjxnblagdlmwfueglmhtbp/Build/Products/Release/AMD_Power_Gadget.swiftmodule/x86_64-apple-macos.swiftdoc

Copy /Users/droga/Library/Developer/Xcode/DerivedData/SMCAMDProcessor-ddrenixjxnblagdlmwfueglmhtbp/Build/Products/Release/AMD_Power_Gadget.swiftmodule/Project/x86_64-apple-macos.swiftsourceinfo /Users/droga/Library/Developer/Xcode/DerivedData/SMCAMDProcessor-ddrenixjxnblagdlmwfueglmhtbp/Build/Intermediates.noindex/SMCAMDProcessor.build/Release/AMD\ Power\ Gadget.build/Objects-normal/x86_64/AMD_Power_Gadget.swiftsourceinfo (in target 'AMD Power Gadget' from project 'SMCAMDProcessor')
    cd /Users/droga/Desktop/SMCAMDProcessor
    builtin-copy -exclude .DS_Store -exclude CVS -exclude .svn -exclude .git -exclude .hg -resolve-src-symlinks -rename /Users/droga/Library/Developer/Xcode/DerivedData/SMCAMDProcessor-ddrenixjxnblagdlmwfueglmhtbp/Build/Intermediates.noindex/SMCAMDProcessor.build/Release/AMD\ Power\ Gadget.build/Objects-normal/x86_64/AMD_Power_Gadget.swiftsourceinfo /Users/droga/Library/Developer/Xcode/DerivedData/SMCAMDProcessor-ddrenixjxnblagdlmwfueglmhtbp/Build/Products/Release/AMD_Power_Gadget.swiftmodule/Project/x86_64-apple-macos.swiftsourceinfo

Ld /Users/droga/Library/Developer/Xcode/DerivedData/SMCAMDProcessor-ddrenixjxnblagdlmwfueglmhtbp/Build/Products/Release/AMD\ Power\ Gadget.app/Contents/MacOS/AMD\ Power\ Gadget normal (in target 'AMD Power Gadget' from project 'SMCAMDProcessor')
    cd /Users/droga/Desktop/SMCAMDProcessor
    /Applications/Xcode.app/Contents/Developer/Toolchains/XcodeDefault.xctoolchain/usr/bin/clang -Xlinker -reproducible -target x86_64-apple-macos13.0 -isysroot /Applications/Xcode.app/Contents/Developer/Platforms/MacOSX.platform/Developer/SDKs/MacOSX26.5.sdk -Os -L/Users/droga/Library/Developer/Xcode/DerivedData/SMCAMDProcessor-ddrenixjxnblagdlmwfueglmhtbp/Build/Intermediates.noindex/EagerLinkingTBDs/Release -L/Users/droga/Library/Developer/Xcode/DerivedData/SMCAMDProcessor-ddrenixjxnblagdlmwfueglmhtbp/Build/Products/Release -F/Users/droga/Library/Developer/Xcode/DerivedData/SMCAMDProcessor-ddrenixjxnblagdlmwfueglmhtbp/Build/Intermediates.noindex/EagerLinkingTBDs/Release -F/Users/droga/Library/Developer/Xcode/DerivedData/SMCAMDProcessor-ddrenixjxnblagdlmwfueglmhtbp/Build/Products/Release -filelist /Users/droga/Library/Developer/Xcode/DerivedData/SMCAMDProcessor-ddrenixjxnblagdlmwfueglmhtbp/Build/Intermediates.noindex/SMCAMDProcessor.build/Release/AMD\ Power\ Gadget.build/Objects-normal/x86_64/AMD\ Power\ Gadget.LinkFileList -Xlinker -rpath -Xlinker /usr/lib/swift -Xlinker -rpath -Xlinker @executable_path/../Frameworks -Xlinker -object_path_lto -Xlinker /Users/droga/Library/Developer/Xcode/DerivedData/SMCAMDProcessor-ddrenixjxnblagdlmwfueglmhtbp/Build/Intermediates.noindex/SMCAMDProcessor.build/Release/AMD\ Power\ Gadget.build/Objects-normal/x86_64/AMD\ Power\ Gadget_lto.o -Xlinker -dependency_info -Xlinker /Users/droga/Library/Developer/Xcode/DerivedData/SMCAMDProcessor-ddrenixjxnblagdlmwfueglmhtbp/Build/Intermediates.noindex/SMCAMDProcessor.build/Release/AMD\ Power\ Gadget.build/Objects-normal/x86_64/AMD\ Power\ Gadget_dependency_info.dat -fobjc-link-runtime -L/Applications/Xcode.app/Contents/Developer/Toolchains/XcodeDefault.xctoolchain/usr/lib/swift/macosx -L/usr/lib/swift -Xlinker -add_ast_path -Xlinker /Users/droga/Library/Developer/Xcode/DerivedData/SMCAMDProcessor-ddrenixjxnblagdlmwfueglmhtbp/Build/Intermediates.noindex/SMCAMDProcessor.build/Release/AMD\ Power\ Gadget.build/Objects-normal/x86_64/AMD_Power_Gadget.swiftmodule @/Users/droga/Library/Developer/Xcode/DerivedData/SMCAMDProcessor-ddrenixjxnblagdlmwfueglmhtbp/Build/Intermediates.noindex/SMCAMDProcessor.build/Release/AMD\ Power\ Gadget.build/Objects-normal/x86_64/AMD_Power_Gadget-linker-args.resp -Xlinker -no_adhoc_codesign -o /Users/droga/Library/Developer/Xcode/DerivedData/SMCAMDProcessor-ddrenixjxnblagdlmwfueglmhtbp/Build/Products/Release/AMD\ Power\ Gadget.app/Contents/MacOS/AMD\ Power\ Gadget

Copy /Users/droga/Library/Developer/Xcode/DerivedData/SMCAMDProcessor-ddrenixjxnblagdlmwfueglmhtbp/Build/Products/Release/AMD\ Power\ Gadget.app/Contents/Library/LoginItems/APGLaunchHelper.app /Users/droga/Library/Developer/Xcode/DerivedData/SMCAMDProcessor-ddrenixjxnblagdlmwfueglmhtbp/Build/Products/Release/APGLaunchHelper.app (in target 'AMD Power Gadget' from project 'SMCAMDProcessor')
    cd /Users/droga/Desktop/SMCAMDProcessor
    builtin-copy -exclude .DS_Store -exclude CVS -exclude .svn -exclude .git -exclude .hg -exclude Headers -exclude PrivateHeaders -exclude Modules -exclude \*.tbd -resolve-src-symlinks -remove-static-executable /Users/droga/Library/Developer/Xcode/DerivedData/SMCAMDProcessor-ddrenixjxnblagdlmwfueglmhtbp/Build/Products/Release/APGLaunchHelper.app /Users/droga/Library/Developer/Xcode/DerivedData/SMCAMDProcessor-ddrenixjxnblagdlmwfueglmhtbp/Build/Products/Release/AMD\ Power\ Gadget.app/Contents/Library/LoginItems

CopySwiftLibs /Users/droga/Library/Developer/Xcode/DerivedData/SMCAMDProcessor-ddrenixjxnblagdlmwfueglmhtbp/Build/Products/Release/AMD\ Power\ Gadget.app (in target 'AMD Power Gadget' from project 'SMCAMDProcessor')
    cd /Users/droga/Desktop/SMCAMDProcessor
    builtin-swiftStdLibTool --copy --verbose --sign - --scan-executable /Users/droga/Library/Developer/Xcode/DerivedData/SMCAMDProcessor-ddrenixjxnblagdlmwfueglmhtbp/Build/Products/Release/AMD\ Power\ Gadget.app/Contents/MacOS/AMD\ Power\ Gadget --scan-folder /Users/droga/Library/Developer/Xcode/DerivedData/SMCAMDProcessor-ddrenixjxnblagdlmwfueglmhtbp/Build/Products/Release/AMD\ Power\ Gadget.app/Contents/Frameworks --scan-folder /Users/droga/Library/Developer/Xcode/DerivedData/SMCAMDProcessor-ddrenixjxnblagdlmwfueglmhtbp/Build/Products/Release/AMD\ Power\ Gadget.app/Contents/PlugIns --scan-folder /Users/droga/Library/Developer/Xcode/DerivedData/SMCAMDProcessor-ddrenixjxnblagdlmwfueglmhtbp/Build/Products/Release/AMD\ Power\ Gadget.app/Contents/Library/SystemExtensions --scan-folder /Users/droga/Library/Developer/Xcode/DerivedData/SMCAMDProcessor-ddrenixjxnblagdlmwfueglmhtbp/Build/Products/Release/AMD\ Power\ Gadget.app/Contents/Extensions --platform macosx --toolchain /Applications/Xcode.app/Contents/Developer/Toolchains/XcodeDefault.xctoolchain --destination /Users/droga/Library/Developer/Xcode/DerivedData/SMCAMDProcessor-ddrenixjxnblagdlmwfueglmhtbp/Build/Products/Release/AMD\ Power\ Gadget.app/Contents/Frameworks --strip-bitcode --strip-bitcode-tool /Applications/Xcode.app/Contents/Developer/Toolchains/XcodeDefault.xctoolchain/usr/bin/bitcode_strip --emit-dependency-info /Users/droga/Library/Developer/Xcode/DerivedData/SMCAMDProcessor-ddrenixjxnblagdlmwfueglmhtbp/Build/Intermediates.noindex/SMCAMDProcessor.build/Release/AMD\ Power\ Gadget.build/SwiftStdLibToolInputDependencies.dep --filter-for-swift-os --back-deploy-swift-span

ProcessInfoPlistFile /Users/droga/Library/Developer/Xcode/DerivedData/SMCAMDProcessor-ddrenixjxnblagdlmwfueglmhtbp/Build/Products/Release/AMD\ Power\ Gadget.app/Contents/Info.plist /Users/droga/Desktop/SMCAMDProcessor/AMD\ Power\ Gadget/Info.plist (in target 'AMD Power Gadget' from project 'SMCAMDProcessor')
    cd /Users/droga/Desktop/SMCAMDProcessor
    builtin-infoPlistUtility /Users/droga/Desktop/SMCAMDProcessor/AMD\ Power\ Gadget/Info.plist -producttype com.apple.product-type.application -genpkginfo /Users/droga/Library/Developer/Xcode/DerivedData/SMCAMDProcessor-ddrenixjxnblagdlmwfueglmhtbp/Build/Products/Release/AMD\ Power\ Gadget.app/Contents/PkgInfo -expandbuildsettings -platform macosx -additionalcontentfile /Users/droga/Library/Developer/Xcode/DerivedData/SMCAMDProcessor-ddrenixjxnblagdlmwfueglmhtbp/Build/Intermediates.noindex/SMCAMDProcessor.build/Release/AMD\ Power\ Gadget.build/Base.lproj/Main-SBPartialInfo.plist -additionalcontentfile /Users/droga/Library/Developer/Xcode/DerivedData/SMCAMDProcessor-ddrenixjxnblagdlmwfueglmhtbp/Build/Intermediates.noindex/SMCAMDProcessor.build/Release/AMD\ Power\ Gadget.build/assetcatalog_generated_info.plist -scanforprivacyfile /Users/droga/Library/Developer/Xcode/DerivedData/SMCAMDProcessor-ddrenixjxnblagdlmwfueglmhtbp/Build/Products/Release/AMD\ Power\ Gadget.app/Contents/Library/LoginItems/APGLaunchHelper.app -o /Users/droga/Library/Developer/Xcode/DerivedData/SMCAMDProcessor-ddrenixjxnblagdlmwfueglmhtbp/Build/Products/Release/AMD\ Power\ Gadget.app/Contents/Info.plist

ExtractAppIntentsMetadata (in target 'AMD Power Gadget' from project 'SMCAMDProcessor')
    cd /Users/droga/Desktop/SMCAMDProcessor
    /Applications/Xcode.app/Contents/Developer/Toolchains/XcodeDefault.xctoolchain/usr/bin/appintentsmetadataprocessor --toolchain-dir /Applications/Xcode.app/Contents/Developer/Toolchains/XcodeDefault.xctoolchain --module-name AMD_Power_Gadget --sdk-root /Applications/Xcode.app/Contents/Developer/Platforms/MacOSX.platform/Developer/SDKs/MacOSX26.5.sdk --xcode-version 17F42 --platform-family macOS --deployment-target 13.0 --bundle-identifier wtf.spinach.AMD-Power-Gadget --output /Users/droga/Library/Developer/Xcode/DerivedData/SMCAMDProcessor-ddrenixjxnblagdlmwfueglmhtbp/Build/Products/Release/AMD\ Power\ Gadget.app/Contents/Resources --target-triple x86_64-apple-macos13.0 --binary-file /Users/droga/Library/Developer/Xcode/DerivedData/SMCAMDProcessor-ddrenixjxnblagdlmwfueglmhtbp/Build/Products/Release/AMD\ Power\ Gadget.app/Contents/MacOS/AMD\ Power\ Gadget --dependency-file /Users/droga/Library/Developer/Xcode/DerivedData/SMCAMDProcessor-ddrenixjxnblagdlmwfueglmhtbp/Build/Intermediates.noindex/SMCAMDProcessor.build/Release/AMD\ Power\ Gadget.build/Objects-normal/x86_64/AMD\ Power\ Gadget_dependency_info.dat --stringsdata-file /Users/droga/Library/Developer/Xcode/DerivedData/SMCAMDProcessor-ddrenixjxnblagdlmwfueglmhtbp/Build/Intermediates.noindex/SMCAMDProcessor.build/Release/AMD\ Power\ Gadget.build/Objects-normal/x86_64/ExtractedAppShortcutsMetadata.stringsdata --source-file-list /Users/droga/Library/Developer/Xcode/DerivedData/SMCAMDProcessor-ddrenixjxnblagdlmwfueglmhtbp/Build/Intermediates.noindex/SMCAMDProcessor.build/Release/AMD\ Power\ Gadget.build/Objects-normal/x86_64/AMD\ Power\ Gadget.SwiftFileList --metadata-file-list /Users/droga/Library/Developer/Xcode/DerivedData/SMCAMDProcessor-ddrenixjxnblagdlmwfueglmhtbp/Build/Intermediates.noindex/SMCAMDProcessor.build/Release/AMD\ Power\ Gadget.build/AMD\ Power\ Gadget.DependencyMetadataFileList --static-metadata-file-list /Users/droga/Library/Developer/Xcode/DerivedData/SMCAMDProcessor-ddrenixjxnblagdlmwfueglmhtbp/Build/Intermediates.noindex/SMCAMDProcessor.build/Release/AMD\ Power\ Gadget.build/AMD\ Power\ Gadget.DependencyStaticMetadataFileList --swift-const-vals-list /Users/droga/Library/Developer/Xcode/DerivedData/SMCAMDProcessor-ddrenixjxnblagdlmwfueglmhtbp/Build/Intermediates.noindex/SMCAMDProcessor.build/Release/AMD\ Power\ Gadget.build/Objects-normal/x86_64/AMD\ Power\ Gadget.SwiftConstValuesFileList --compile-time-extraction --deployment-aware-processing --validate-assistant-intents --no-app-shortcuts-localization
2026-06-20 14:14:12.667 appintentsmetadataprocessor[3906:83205] Starting appintentsmetadataprocessor export
2026-06-20 14:14:12.670 appintentsmetadataprocessor[3906:83205] warning: Metadata extraction skipped. No AppIntents.framework dependency found.

GenerateDSYMFile /Users/droga/Library/Developer/Xcode/DerivedData/SMCAMDProcessor-ddrenixjxnblagdlmwfueglmhtbp/Build/Products/Release/AMD\ Power\ Gadget.app.dSYM /Users/droga/Library/Developer/Xcode/DerivedData/SMCAMDProcessor-ddrenixjxnblagdlmwfueglmhtbp/Build/Products/Release/AMD\ Power\ Gadget.app/Contents/MacOS/AMD\ Power\ Gadget (in target 'AMD Power Gadget' from project 'SMCAMDProcessor')
    cd /Users/droga/Desktop/SMCAMDProcessor
    /Applications/Xcode.app/Contents/Developer/Toolchains/XcodeDefault.xctoolchain/usr/bin/dsymutil /Users/droga/Library/Developer/Xcode/DerivedData/SMCAMDProcessor-ddrenixjxnblagdlmwfueglmhtbp/Build/Products/Release/AMD\ Power\ Gadget.app/Contents/MacOS/AMD\ Power\ Gadget -o /Users/droga/Library/Developer/Xcode/DerivedData/SMCAMDProcessor-ddrenixjxnblagdlmwfueglmhtbp/Build/Products/Release/AMD\ Power\ Gadget.app.dSYM

CodeSign /Users/droga/Library/Developer/Xcode/DerivedData/SMCAMDProcessor-ddrenixjxnblagdlmwfueglmhtbp/Build/Products/Release/AMD\ Power\ Gadget.app (in target 'AMD Power Gadget' from project 'SMCAMDProcessor')
    cd /Users/droga/Desktop/SMCAMDProcessor
    
    Signing Identity:     "Sign to Run Locally"
    
    /usr/bin/codesign --force --sign - --entitlements /Users/droga/Library/Developer/Xcode/DerivedData/SMCAMDProcessor-ddrenixjxnblagdlmwfueglmhtbp/Build/Intermediates.noindex/SMCAMDProcessor.build/Release/AMD\ Power\ Gadget.build/AMD\ Power\ Gadget.app.xcent --timestamp\=none --generate-entitlement-der /Users/droga/Library/Developer/Xcode/DerivedData/SMCAMDProcessor-ddrenixjxnblagdlmwfueglmhtbp/Build/Products/Release/AMD\ Power\ Gadget.app

ValidateEmbeddedBinary /Users/droga/Library/Developer/Xcode/DerivedData/SMCAMDProcessor-ddrenixjxnblagdlmwfueglmhtbp/Build/Products/Release/AMD\ Power\ Gadget.app/Contents/Library/LoginItems/APGLaunchHelper.app (in target 'AMD Power Gadget' from project 'SMCAMDProcessor')
    cd /Users/droga/Desktop/SMCAMDProcessor
    /Applications/Xcode.app/Contents/Developer/usr/bin/embeddedBinaryValidationUtility /Users/droga/Library/Developer/Xcode/DerivedData/SMCAMDProcessor-ddrenixjxnblagdlmwfueglmhtbp/Build/Products/Release/AMD\ Power\ Gadget.app/Contents/Library/LoginItems/APGLaunchHelper.app -signing-cert - -info-plist-path /Users/droga/Library/Developer/Xcode/DerivedData/SMCAMDProcessor-ddrenixjxnblagdlmwfueglmhtbp/Build/Products/Release/AMD\ Power\ Gadget.app/Contents/Info.plist

Validate /Users/droga/Library/Developer/Xcode/DerivedData/SMCAMDProcessor-ddrenixjxnblagdlmwfueglmhtbp/Build/Products/Release/AMD\ Power\ Gadget.app (in target 'AMD Power Gadget' from project 'SMCAMDProcessor')
    cd /Users/droga/Desktop/SMCAMDProcessor
    builtin-validationUtility /Users/droga/Library/Developer/Xcode/DerivedData/SMCAMDProcessor-ddrenixjxnblagdlmwfueglmhtbp/Build/Products/Release/AMD\ Power\ Gadget.app -no-validate-extension -infoplist-subpath Contents/Info.plist

RegisterWithLaunchServices /Users/droga/Library/Developer/Xcode/DerivedData/SMCAMDProcessor-ddrenixjxnblagdlmwfueglmhtbp/Build/Products/Release/AMD\ Power\ Gadget.app (in target 'AMD Power Gadget' from project 'SMCAMDProcessor')
    cd /Users/droga/Desktop/SMCAMDProcessor
    /System/Library/Frameworks/CoreServices.framework/Versions/Current/Frameworks/LaunchServices.framework/Versions/Current/Support/lsregister -f -R -trusted /Users/droga/Library/Developer/Xcode/DerivedData/SMCAMDProcessor-ddrenixjxnblagdlmwfueglmhtbp/Build/Products/Release/AMD\ Power\ Gadget.app

** BUILD SUCCEEDED **

